mode: set
github.com/SyamSolution/user-service/internal/usecase/cognito.go:29.86,36.16 4 0
github.com/SyamSolution/user-service/internal/usecase/cognito.go:36.16,37.13 1 0
github.com/SyamSolution/user-service/internal/usecase/cognito.go:40.2,43.3 1 0
github.com/SyamSolution/user-service/internal/usecase/cognito.go:46.87,64.16 3 0
github.com/SyamSolution/user-service/internal/usecase/cognito.go:64.16,66.3 1 0
github.com/SyamSolution/user-service/internal/usecase/cognito.go:68.2,68.29 1 0
github.com/SyamSolution/user-service/internal/usecase/cognito.go:71.87,79.16 3 0
github.com/SyamSolution/user-service/internal/usecase/cognito.go:79.16,81.3 1 0
github.com/SyamSolution/user-service/internal/usecase/cognito.go:83.2,83.29 1 0
github.com/SyamSolution/user-service/internal/usecase/cognito.go:86.113,97.16 3 0
github.com/SyamSolution/user-service/internal/usecase/cognito.go:97.16,99.3 1 0
github.com/SyamSolution/user-service/internal/usecase/cognito.go:101.2,101.37 1 0
github.com/SyamSolution/user-service/internal/usecase/cognito.go:104.109,114.16 3 0
github.com/SyamSolution/user-service/internal/usecase/cognito.go:114.16,116.3 1 0
github.com/SyamSolution/user-service/internal/usecase/cognito.go:118.2,118.37 1 0
github.com/SyamSolution/user-service/internal/usecase/user_usecase.go:22.60,24.2 1 0
github.com/SyamSolution/user-service/internal/usecase/user_usecase.go:26.72,28.16 2 0
github.com/SyamSolution/user-service/internal/usecase/user_usecase.go:28.16,30.3 1 0
github.com/SyamSolution/user-service/internal/usecase/user_usecase.go:32.2,34.16 3 0
github.com/SyamSolution/user-service/internal/usecase/user_usecase.go:34.16,36.3 1 0
github.com/SyamSolution/user-service/internal/usecase/user_usecase.go:38.2,38.20 1 0
github.com/SyamSolution/user-service/internal/usecase/user_usecase.go:41.76,44.16 3 0
github.com/SyamSolution/user-service/internal/usecase/user_usecase.go:44.16,46.3 1 0
github.com/SyamSolution/user-service/internal/usecase/user_usecase.go:48.2,48.20 1 0
github.com/SyamSolution/user-service/internal/usecase/user_usecase.go:51.98,54.16 3 0
github.com/SyamSolution/user-service/internal/usecase/user_usecase.go:54.16,57.3 2 0
github.com/SyamSolution/user-service/internal/usecase/user_usecase.go:59.2,59.40 1 0
github.com/SyamSolution/user-service/internal/usecase/user_usecase.go:62.103,65.16 3 0
github.com/SyamSolution/user-service/internal/usecase/user_usecase.go:65.16,68.3 2 0
github.com/SyamSolution/user-service/internal/usecase/user_usecase.go:70.2,70.40 1 0
github.com/SyamSolution/user-service/internal/usecase/user_usecase.go:73.81,75.16 2 1
github.com/SyamSolution/user-service/internal/usecase/user_usecase.go:75.16,78.3 2 0
github.com/SyamSolution/user-service/internal/usecase/user_usecase.go:80.2,93.22 2 1
github.com/SyamSolution/user-service/internal/repository/user_repository.go:17.59,19.2 1 1
github.com/SyamSolution/user-service/internal/repository/user_repository.go:21.74,28.16 3 1
github.com/SyamSolution/user-service/internal/repository/user_repository.go:28.16,30.3 1 0
github.com/SyamSolution/user-service/internal/repository/user_repository.go:31.2,32.16 2 1
github.com/SyamSolution/user-service/internal/repository/user_repository.go:32.16,34.3 1 0
github.com/SyamSolution/user-service/internal/repository/user_repository.go:35.2,35.31 1 1
github.com/SyamSolution/user-service/internal/repository/user_repository.go:38.75,45.16 4 1
github.com/SyamSolution/user-service/internal/repository/user_repository.go:45.16,47.3 1 0
github.com/SyamSolution/user-service/internal/repository/user_repository.go:48.2,48.18 1 1
github.com/SyamSolution/user-service/internal/handler/user_handler.go:21.47,23.2 1 0
github.com/SyamSolution/user-service/internal/handler/user_handler.go:25.53,27.44 2 1
github.com/SyamSolution/user-service/internal/handler/user_handler.go:27.44,34.3 1 0
github.com/SyamSolution/user-service/internal/handler/user_handler.go:36.2,37.16 2 1
github.com/SyamSolution/user-service/internal/handler/user_handler.go:37.16,41.3 1 0
github.com/SyamSolution/user-service/internal/handler/user_handler.go:43.2,49.4 1 1
github.com/SyamSolution/user-service/internal/handler/user_handler.go:52.54,54.48 2 1
github.com/SyamSolution/user-service/internal/handler/user_handler.go:54.48,61.3 1 0
github.com/SyamSolution/user-service/internal/handler/user_handler.go:63.2,64.16 2 1
github.com/SyamSolution/user-service/internal/handler/user_handler.go:64.16,71.3 1 0
github.com/SyamSolution/user-service/internal/handler/user_handler.go:73.2,78.4 1 1
github.com/SyamSolution/user-service/internal/handler/user_handler.go:81.49,83.44 2 1
github.com/SyamSolution/user-service/internal/handler/user_handler.go:83.44,90.3 1 0
github.com/SyamSolution/user-service/internal/handler/user_handler.go:92.2,93.16 2 1
github.com/SyamSolution/user-service/internal/handler/user_handler.go:93.16,100.3 1 0
github.com/SyamSolution/user-service/internal/handler/user_handler.go:102.2,111.4 1 1
github.com/SyamSolution/user-service/internal/handler/user_handler.go:114.55,116.24 2 1
github.com/SyamSolution/user-service/internal/handler/user_handler.go:116.24,123.3 1 0
github.com/SyamSolution/user-service/internal/handler/user_handler.go:125.2,126.16 2 1
github.com/SyamSolution/user-service/internal/handler/user_handler.go:126.16,133.3 1 0
github.com/SyamSolution/user-service/internal/handler/user_handler.go:135.2,144.4 1 1
github.com/SyamSolution/user-service/internal/handler/user_handler.go:147.50,150.16 3 1
github.com/SyamSolution/user-service/internal/handler/user_handler.go:150.16,157.3 1 0
github.com/SyamSolution/user-service/internal/handler/user_handler.go:159.2,167.4 1 1
github.com/SyamSolution/user-service/internal/util/rest.go:11.65,19.2 1 1
github.com/SyamSolution/user-service/internal/util/rest.go:21.85,28.2 1 1
github.com/SyamSolution/user-service/internal/util/rest.go:30.91,33.16 3 1
github.com/SyamSolution/user-service/internal/util/rest.go:33.16,36.3 2 1
github.com/SyamSolution/user-service/internal/util/rest.go:37.2,42.3 1 1
github.com/SyamSolution/user-service/internal/util/rest.go:45.69,48.16 3 1
github.com/SyamSolution/user-service/internal/util/rest.go:48.16,51.3 2 1
github.com/SyamSolution/user-service/internal/util/rest.go:52.2,58.3 1 1
github.com/SyamSolution/user-service/internal/util/rest.go:61.77,70.2 1 1
github.com/SyamSolution/user-service/internal/util/rest.go:72.60,74.16 2 0
github.com/SyamSolution/user-service/internal/util/rest.go:74.16,75.56 1 0
github.com/SyamSolution/user-service/internal/util/rest.go:75.56,80.4 4 0
github.com/SyamSolution/user-service/internal/util/rest.go:82.2,82.15 1 0
github.com/SyamSolution/user-service/internal/util/rest.go:85.46,93.2 1 1
github.com/SyamSolution/user-service/internal/util/rest.go:95.51,100.2 1 1
github.com/SyamSolution/user-service/internal/util/time.go:10.36,12.16 2 1
github.com/SyamSolution/user-service/internal/util/time.go:12.16,14.3 1 1
github.com/SyamSolution/user-service/internal/util/time.go:16.2,17.16 2 1
github.com/SyamSolution/user-service/internal/util/time.go:17.16,19.3 1 1
github.com/SyamSolution/user-service/internal/util/time.go:21.2,21.12 1 1
